// Jest Snapshot v1, https://goo.gl/fbAQLP

exports[`Generating a graph 1`] = `
"digraph Grammar {
  rankdir=LR;
  node [ shape=square ];
  edge [ style=solid ];
  
   0 [ label=\\"0
A→• B
B→• NOT B
B→• LPAREN B
B→• RPAREN ARROW IF\\" ];
 1 [ label=\\"1
A→B •\\" ];
 2 [ label=\\"2
B→NOT • B
B→• NOT B
B→• LPAREN B
B→• RPAREN ARROW IF\\" ];
 3 [ label=\\"3
B→LPAREN • B
B→• NOT B
B→• LPAREN B
B→• RPAREN ARROW IF\\" ];
 4 [ label=\\"4
B→RPAREN • ARROW IF\\" ];
 5 [ label=\\"5
B→NOT B •\\" ];
 6 [ label=\\"6
B→LPAREN B •\\" ];
 7 [ label=\\"7
B→RPAREN ARROW • IF\\" ];
 8 [ label=\\"8
B→RPAREN ARROW IF •\\" ];
  
   0 -> 1 [ label=\\"B\\" ];
 0 -> 2 [ label=\\"NOT\\" ];
 0 -> 3 [ label=\\"LPAREN\\" ];
 0 -> 4 [ label=\\"RPAREN\\" ];
 2 -> 5 [ label=\\"B\\" ];
 2 -> 2 [ label=\\"NOT\\" ];
 2 -> 3 [ label=\\"LPAREN\\" ];
 2 -> 4 [ label=\\"RPAREN\\" ];
 3 -> 6 [ label=\\"B\\" ];
 3 -> 2 [ label=\\"NOT\\" ];
 3 -> 3 [ label=\\"LPAREN\\" ];
 3 -> 4 [ label=\\"RPAREN\\" ];
 4 -> 7 [ label=\\"ARROW\\" ];
 7 -> 8 [ label=\\"IF\\" ];
  
}"
`;
